this is a test 2222333
